2026-08-01 20:16:28.608253: W tensorflow/stream_executor/platform/default/dso_loader.cc:64] Could not load dynamic library 'cudart64_110.dll'; dlerror: cudart64_110.dll not found
2026-08-01 20:16:28.619361: I tensorflow/stream_executor/cuda/cudart_stub.cc:29] Ignore above cudart dlerror if you do not have a GPU set up on your machine.
2026-08-01 20:16:30.965960: W tensorflow/stream_executor/platform/default/dso_loader.cc:64] Could not load dynamic library 'cudart64_110.dll'; dlerror: cudart64_110.dll not found
2026-08-01 20:16:30.988248: W tensorflow/stream_executor/platform/default/dso_loader.cc:64] Could not load dynamic library 'cublas64_11.dll'; dlerror: cublas64_11.dll not found
2026-08-01 20:16:31.006971: W tensorflow/stream_executor/platform/default/dso_loader.cc:64] Could not load dynamic library 'cublasLt64_11.dll'; dlerror: cublasLt64_11.dll not found
2026-08-01 20:16:31.024631: W tensorflow/stream_executor/platform/default/dso_loader.cc:64] Could not load dynamic library 'cufft64_10.dll'; dlerror: cufft64_10.dll not found
2026-08-01 20:16:31.041948: W tensorflow/stream_executor/platform/default/dso_loader.cc:64] Could not load dynamic library 'curand64_10.dll'; dlerror: curand64_10.dll not found
2026-08-01 20:16:31.058570: W tensorflow/stream_executor/platform/default/dso_loader.cc:64] Could not load dynamic library 'cusolver64_11.dll'; dlerror: cusolver64_11.dll not found
2026-08-01 20:16:31.075260: W tensorflow/stream_executor/platform/default/dso_loader.cc:64] Could not load dynamic library 'cusparse64_11.dll'; dlerror: cusparse64_11.dll not found
2026-08-01 20:16:31.093012: W tensorflow/stream_executor/platform/default/dso_loader.cc:64] Could not load dynamic library 'cudnn64_8.dll'; dlerror: cudnn64_8.dll not found
2026-08-01 20:16:31.108959: W tensorflow/core/common_runtime/gpu/gpu_device.cc:1850] Cannot dlopen some GPU libraries. Please make sure the missing libraries mentioned above are installed properly if you would like to use GPU. Follow the guide at https://www.tensorflow.org/install/gpu for how to download and setup the required libraries for your platform.
Skipping registering GPU devices...
2026-08-01 20:16:31.130806: I tensorflow/core/platform/cpu_feature_guard.cc:193] This TensorFlow binary is optimized with oneAPI Deep Neural Network Library (oneDNN) to use the following CPU instructions in performance-critical operations:  AVX AVX2
To enable them in other operations, rebuild TensorFlow with the appropriate compiler flags.
2026-08-01 20:16:31.500113: W tensorflow/compiler/mlir/lite/python/tf_tfl_flatbuffer_helpers.cc:362] Ignored output_format.
2026-08-01 20:16:31.505973: W tensorflow/compiler/mlir/lite/python/tf_tfl_flatbuffer_helpers.cc:365] Ignored drop_control_dependency.
2026-08-01 20:16:31.512756: I tensorflow/cc/saved_model/reader.cc:43] Reading SavedModel from: C:\Users\HTY\AppData\Local\Temp\tmp657lajxf
2026-08-01 20:16:31.520258: I tensorflow/cc/saved_model/reader.cc:81] Reading meta graph with tags { serve }
2026-08-01 20:16:31.525408: I tensorflow/cc/saved_model/reader.cc:122] Reading SavedModel debug info (if present) from: C:\Users\HTY\AppData\Local\Temp\tmp657lajxf
2026-08-01 20:16:31.538438: I tensorflow/compiler/mlir/mlir_graph_optimization_pass.cc:354] MLIR V1 optimization pass is not enabled
2026-08-01 20:16:31.545665: I tensorflow/cc/saved_model/loader.cc:228] Restoring SavedModel bundle.
2026-08-01 20:16:31.565710: I tensorflow/cc/saved_model/loader.cc:212] Running initialization op on SavedModel bundle at path: C:\Users\HTY\AppData\Local\Temp\tmp657lajxf
2026-08-01 20:16:31.580141: I tensorflow/cc/saved_model/loader.cc:301] SavedModel load for tags { serve }; Status: success: OK. Took 67382 microseconds.
2026-08-01 20:16:31.597058: I tensorflow/compiler/mlir/tensorflow/utils/dump_mlir_util.cc:263] disabling MLIR crash reproducer, set env var `MLIR_CRASH_REPRODUCER_DIRECTORY` to enable.
2026-08-01 20:16:31.634057: I tensorflow/compiler/mlir/lite/flatbuffer_export.cc:1972] Estimated count of arithmetic ops: 0.070 M  ops, equivalently 0.035 M  MACs

INFO: Created TensorFlow Lite XNNPACK delegate for CPU.
